
socia@VOOME-WIN10-MINIPC MINGW64 /c/ALESSIO (master)
$ git branch

socia@VOOME-WIN10-MINIPC MINGW64 /c/ALESSIO (master)
$ git branch -a

socia@VOOME-WIN10-MINIPC MINGW64 /c/ALESSIO (master)
$ git remote add origin https://github.com/Alessiogavio/testo.git
error: remote origin already exists.

socia@VOOME-WIN10-MINIPC MINGW64 /c/ALESSIO (master)
$ git remote add origin https://github.com/Alessiogavio/testo.git
error: remote origin already exists.

socia@VOOME-WIN10-MINIPC MINGW64 /c/ALESSIO (master)
$ git remote add origin https://github.com/Alessiogavio/testo.git
error: remote origin already exists.

socia@VOOME-WIN10-MINIPC MINGW64 /c/ALESSIO (master)
$ git remote add origin https://github.com/Alessiogavio/tempgit.git
error: remote origin already exists.

socia@VOOME-WIN10-MINIPC MINGW64 /c/ALESSIO (master)
$ git remote add origin https://github.com/Alessiogavio/alessio4.git
error: remote origin already exists.

socia@VOOME-WIN10-MINIPC MINGW64 /c/ALESSIO (master)
$ git remote origin
error: Unknown subcommand: origin
usage: git remote [-v | --verbose]
   or: git remote add [-t <branch>] [-m <master>] [-f] [--tags | --no-tags] [--mirror=<fetch|push>] <name> <url>
   or: git remote rename <old> <new>
   or: git remote remove <name>
   or: git remote set-head <name> (-a | --auto | -d | --delete | <branch>)   
   or: git remote [-v | --verbose] show [-n] <name>
   or: git remote prune [-n | --dry-run] <name>
   or: git remote [-v | --verbose] update [-p | --prune] [(<group> | <remote>)...]
   or: git remote set-branches [--add] <name> <branch>...
   or: git remote get-url [--push] [--all] <name>
   or: git remote set-url [--push] <name> <newurl> [<oldurl>]
   or: git remote set-url --add <name> <newurl>
   or: git remote set-url --delete <name> <url>

    -v, --verbose         be verbose; must be placed before a subcommand     


socia@VOOME-WIN10-MINIPC MINGW64 /c/ALESSIO (master)
$ git remote set-branches [--add] <name> <branch>...
bash: syntax error near unexpected token `<'

socia@VOOME-WIN10-MINIPC MINGW64 /c/ALESSIO (master)
$ git branch -a

socia@VOOME-WIN10-MINIPC MINGW64 /c/ALESSIO (master)
$ git remote -v
origin  https://github.com/Alessiogavio/tempgit.git (fetch)
origin  https://github.com/Alessiogavio/tempgit.git (push)

socia@VOOME-WIN10-MINIPC MINGW64 /c/ALESSIO (master)
$ git push origin master
error: src refspec master does not match any
error: failed to push some refs to 'https://github.com/Alessiogavio/tempgit.git'

socia@VOOME-WIN10-MINIPC MINGW64 /c/ALESSIO (master)
$ ls
index.html  one.txt

socia@VOOME-WIN10-MINIPC MINGW64 /c/ALESSIO (master)
$ ls
index.html  one.html

socia@VOOME-WIN10-MINIPC MINGW64 /c/ALESSIO (master)
$ git branch

socia@VOOME-WIN10-MINIPC MINGW64 /c/ALESSIO (master)
$ git branch

socia@VOOME-WIN10-MINIPC MINGW64 /c/ALESSIO (master)
$ git branch -a

socia@VOOME-WIN10-MINIPC MINGW64 /c/ALESSIO (master)
$ git init
Reinitialized existing Git repository in C:/ALESSIO/.git/

socia@VOOME-WIN10-MINIPC MINGW64 /c/ALESSIO (master)
$ git remote add origin https://github.com/Alessiogavio/alessio4.git
error: remote origin already exists.

socia@VOOME-WIN10-MINIPC MINGW64 /c/ALESSIO (master)
$ git branch -a

socia@VOOME-WIN10-MINIPC MINGW64 /c/ALESSIO (master)
$ git remote -v
origin  https://github.com/Alessiogavio/tempgit.git (fetch)
origin  https://github.com/Alessiogavio/tempgit.git (push)

socia@VOOME-WIN10-MINIPC MINGW64 /c/ALESSIO (master)
$ git remote
origin

socia@VOOME-WIN10-MINIPC MINGW64 /c/ALESSIO (master)
$ remote
bash: remote: command not found

socia@VOOME-WIN10-MINIPC MINGW64 /c/ALESSIO (master)
$ remove
bash: remove: command not found

socia@VOOME-WIN10-MINIPC MINGW64 /c/ALESSIO (master)
$ git remote
origin

socia@VOOME-WIN10-MINIPC MINGW64 /c/ALESSIO (master)
$ git branch

socia@VOOME-WIN10-MINIPC MINGW64 /c/ALESSIO (master)
$ git branch -a

socia@VOOME-WIN10-MINIPC MINGW64 /c/ALESSIO (master)
$ git remote add origin https://github.com/Alessiogavio/alessio4.git
error: remote origin already exists.

socia@VOOME-WIN10-MINIPC MINGW64 /c/ALESSIO (master)
$ git remote
origin

socia@VOOME-WIN10-MINIPC MINGW64 /c/ALESSIO (master)
$ origin
bash: origin: command not found

socia@VOOME-WIN10-MINIPC MINGW64 /c/ALESSIO (master)
$ git origin
git: 'origin' is not a git command. See 'git --help'.

socia@VOOME-WIN10-MINIPC MINGW64 /c/ALESSIO (master)
$ git remote
origin

socia@VOOME-WIN10-MINIPC MINGW64 /c/ALESSIO (master)
$ git remote remove origin

socia@VOOME-WIN10-MINIPC MINGW64 /c/ALESSIO (master)
$ git remote add origin https://github.com/Alessiogavio/alessio4.git

socia@VOOME-WIN10-MINIPC MINGW64 /c/ALESSIO (master)
$ git status
On branch master

No commits yet

Changes to be committed:
  (use "git rm --cached <file>..." to unstage)
        new file:   index.html
        new file:   one.txt

Changes not staged for commit:
  (use "git add/rm <file>..." to update what will be committed)
  (use "git restore <file>..." to discard changes in working directory)      
        deleted:    one.txt

Untracked files:
  (use "git add <file>..." to include in what will be committed)
        one.html


socia@VOOME-WIN10-MINIPC MINGW64 /c/ALESSIO (master)
$ git add . --all

socia@VOOME-WIN10-MINIPC MINGW64 /c/ALESSIO (master)
$ git commit -m "i am the man"
Author identity unknown

*** Please tell me who you are.

Run

  git config --global user.email "you@example.com"
  git config --global user.name "Your Name"

to set your account's default identity.
Omit --global to set the identity only in this repository.

fatal: unable to auto-detect email address (got 'socia@VOOME-WIN10-MINIPC.(none)')

socia@VOOME-WIN10-MINIPC MINGW64 /c/ALESSIO (master)
$ git config --global user.email "alegavio01@gmail.com"

socia@VOOME-WIN10-MINIPC MINGW64 /c/ALESSIO (master)
$ git config --global user.name "Alessio"

socia@VOOME-WIN10-MINIPC MINGW64 /c/ALESSIO (master)
$ git commit -m "i am the man"
[master (root-commit) 6b355cb] i am the man
 2 files changed, 15 insertions(+)
 create mode 100644 index.html
 create mode 100644 one.html

socia@VOOME-WIN10-MINIPC MINGW64 /c/ALESSIO (master)
$ git push origin master
Select an authentication method for 'https://github.com/':
  1. Web browser (default)
  2. Personal access token
option (enter for default): 1
info: please complete authentication in your browser...